20211120 09:52:47.731942 [ERROR] logger_test.cpp:foo:21 child thread: 7
20211120 09:52:47.732046 [ERROR] logger_test.cpp:foo:25 child thread: 7
20211120 09:52:47.732507 [ERROR] logger_test.cpp:foo:21 child thread: 3
20211120 09:52:47.732536 [ERROR] logger_test.cpp:foo:25 child thread: 3
20211120 09:52:47.733504 [ERROR] logger_test.cpp:foo:21 child thread: 6
20211120 09:52:47.733528 [ERROR] logger_test.cpp:foo:25 child thread: 6
20211120 09:52:47.733537 [ERROR] logger_test.cpp:foo:21 child thread: 9
20211120 09:52:47.733544 [ERROR] logger_test.cpp:foo:25 child thread: 9
20211120 09:52:48.732139 [ERROR] logger_test.cpp:foo:21 child thread: 0
20211120 09:52:48.732180 [ERROR] logger_test.cpp:foo:25 child thread: 0
20211120 09:52:48.732762 [ERROR] logger_test.cpp:foo:21 child thread: 3
20211120 09:52:48.732795 [ERROR] logger_test.cpp:foo:25 child thread: 3
20211120 09:52:48.733632 [ERROR] logger_test.cpp:foo:21 child thread: 0
20211120 09:52:48.733659 [ERROR] logger_test.cpp:foo:25 child thread: 0
20211120 09:52:48.733665 [ERROR] logger_test.cpp:foo:21 child thread: 2
20211120 09:52:48.733670 [ERROR] logger_test.cpp:foo:25 child thread: 2
20211120 09:52:49.732244 [ERROR] logger_test.cpp:foo:21 child thread: 7
20211120 09:52:49.732282 [ERROR] logger_test.cpp:foo:25 child thread: 7
20211120 09:52:49.732289 [ERROR] logger_test.cpp:foo:21 child thread: 2
20211120 09:52:49.732294 [ERROR] logger_test.cpp:foo:25 child thread: 2
20211120 09:52:49.732956 [ERROR] logger_test.cpp:foo:21 child thread: 2
20211120 09:52:49.732985 [ERROR] logger_test.cpp:foo:25 child thread: 2
20211120 09:52:49.733751 [ERROR] logger_test.cpp:foo:21 child thread: 7
20211120 09:52:49.733770 [ERROR] logger_test.cpp:foo:25 child thread: 7
